#! /usr/bin/vvp
:ivl_version "12.0 (stable)";
:ivl_delay_selection "TYPICAL";
:vpi_time_precision + 0;
:vpi_module "/usr/lib/x86_64-linux-gnu/ivl/system.vpi";
:vpi_module "/usr/lib/x86_64-linux-gnu/ivl/vhdl_sys.vpi";
:vpi_module "/usr/lib/x86_64-linux-gnu/ivl/vhdl_textio.vpi";
:vpi_module "/usr/lib/x86_64-linux-gnu/ivl/v2005_math.vpi";
:vpi_module "/usr/lib/x86_64-linux-gnu/ivl/va_math.vpi";
S_0x599132802350 .scope module, "imuldiv_DivReqMsgFromBits" "imuldiv_DivReqMsgFromBits" 2 69;
 .timescale 0 0;
    .port_info 0 /INPUT 65 "bits";
    .port_info 1 /OUTPUT 1 "func";
    .port_info 2 /OUTPUT 32 "a";
    .port_info 3 /OUTPUT 32 "b";
v0x599132806900_0 .net "a", 31 0, L_0x59913282c4a0;  1 drivers
v0x599132824910_0 .net "b", 31 0, L_0x59913282c590;  1 drivers
o0x7f0635ae6078 .functor BUFZ 65, C4<zzzzzzzzzzzzzzzzzzzzzzzzzzzzzzzzzzzzzzzzzzzzzzzzzzzzzzzzzzzzzzzzz>; HiZ drive
v0x5991328249f0_0 .net "bits", 64 0, o0x7f0635ae6078;  0 drivers
v0x599132824ab0_0 .net "func", 0 0, L_0x59913282c400;  1 drivers
L_0x59913282c400 .part o0x7f0635ae6078, 64, 1;
L_0x59913282c4a0 .part o0x7f0635ae6078, 32, 32;
L_0x59913282c590 .part o0x7f0635ae6078, 0, 32;
S_0x5991327d01c0 .scope module, "imuldiv_DivReqMsgToBits" "imuldiv_DivReqMsgToBits" 2 46;
 .timescale 0 0;
    .port_info 0 /INPUT 1 "func";
    .port_info 1 /INPUT 32 "a";
    .port_info 2 /INPUT 32 "b";
    .port_info 3 /OUTPUT 65 "bits";
o0x7f0635ae62b8 .functor BUFZ 1, C4<z>; HiZ drive
L_0x5991327d0380 .functor BUFZ 1, o0x7f0635ae62b8, C4<0>, C4<0>, C4<0>;
o0x7f0635ae6228 .functor BUFZ 32, C4<zzzzzzzzzzzzzzzzzzzzzzzzzzzzzzzz>; HiZ drive
L_0x5991327d08e0 .functor BUFZ 32, o0x7f0635ae6228, C4<00000000000000000000000000000000>, C4<00000000000000000000000000000000>, C4<00000000000000000000000000000000>;
o0x7f0635ae6258 .functor BUFZ 32, C4<zzzzzzzzzzzzzzzzzzzzzzzzzzzzzzzz>; HiZ drive
L_0x59913282c860 .functor BUFZ 32, o0x7f0635ae6258, C4<00000000000000000000000000000000>, C4<00000000000000000000000000000000>, C4<00000000000000000000000000000000>;
v0x599132824c10_0 .net *"_ivl_12", 31 0, L_0x59913282c860;  1 drivers
v0x599132824d10_0 .net *"_ivl_3", 0 0, L_0x5991327d0380;  1 drivers
v0x599132824df0_0 .net *"_ivl_7", 31 0, L_0x5991327d08e0;  1 drivers
v0x599132824eb0_0 .net "a", 31 0, o0x7f0635ae6228;  0 drivers
v0x599132824f90_0 .net "b", 31 0, o0x7f0635ae6258;  0 drivers
v0x5991328250c0_0 .net "bits", 64 0, L_0x59913282c690;  1 drivers
v0x5991328251a0_0 .net "func", 0 0, o0x7f0635ae62b8;  0 drivers
L_0x59913282c690 .concat8 [ 32 32 1 0], L_0x59913282c860, L_0x5991327d08e0, L_0x5991327d0380;
S_0x5991328038e0 .scope module, "imuldiv_DivReqMsgToStr" "imuldiv_DivReqMsgToStr" 2 93;
 .timescale 0 0;
    .port_info 0 /INPUT 65 "msg";
P_0x5991327f3080 .param/l "fn_signed" 1 2 107, C4<1>;
P_0x5991327f30c0 .param/l "fn_unsigned" 1 2 106, C4<0>;
v0x599132825370_0 .net "a", 31 0, L_0x59913282c9c0;  1 drivers
v0x599132825470_0 .net "b", 31 0, L_0x59913282cae0;  1 drivers
v0x599132825550_0 .var "full_str", 159 0;
v0x599132825610_0 .net "func", 0 0, L_0x59913282c920;  1 drivers
o0x7f0635ae6468 .functor BUFZ 65, C4<zzzzzzzzzzzzzzzzzzzzzzzzzzzzzzzzzzzzzzzzzzzzzzzzzzzzzzzzzzzzzzzzz>; HiZ drive
v0x5991328256f0_0 .net "msg", 64 0, o0x7f0635ae6468;  0 drivers
v0x599132825820_0 .var "tiny_str", 15 0;
E_0x5991327d5060 .event anyedge, v0x5991328256f0_0, v0x599132825820_0, v0x599132825610_0;
E_0x5991327d4060/0 .event anyedge, v0x5991328256f0_0, v0x599132825550_0, v0x599132825610_0, v0x599132825370_0;
E_0x5991327d4060/1 .event anyedge, v0x599132825470_0;
E_0x5991327d4060 .event/or E_0x5991327d4060/0, E_0x5991327d4060/1;
L_0x59913282c920 .part o0x7f0635ae6468, 64, 1;
L_0x59913282c9c0 .part o0x7f0635ae6468, 32, 32;
L_0x59913282cae0 .part o0x7f0635ae6468, 0, 32;
S_0x599132802c60 .scope module, "imuldiv_IntDivIterative" "imuldiv_IntDivIterative" 3 10;
 .timescale 0 0;
    .port_info 0 /INPUT 1 "clk";
    .port_info 1 /INPUT 1 "reset";
    .port_info 2 /INPUT 1 "divreq_msg_fn";
    .port_info 3 /INPUT 32 "divreq_msg_a";
    .port_info 4 /INPUT 32 "divreq_msg_b";
    .port_info 5 /INPUT 1 "divreq_val";
    .port_info 6 /INPUT 1 "divresp_rdy";
    .port_info 7 /OUTPUT 1 "divreq_rdy";
    .port_info 8 /OUTPUT 64 "divresp_msg_result";
    .port_info 9 /OUTPUT 1 "divresp_val";
v0x59913282b390_0 .net "a_en", 0 0, v0x599132826150_0;  1 drivers
v0x59913282b450_0 .net "a_mux_sel", 0 0, v0x5991328261f0_0;  1 drivers
v0x59913282b560_0 .net "b_en", 0 0, v0x5991328262b0_0;  1 drivers
o0x7f0635ae65e8 .functor BUFZ 1, C4<z>; HiZ drive
v0x59913282b650_0 .net "clk", 0 0, o0x7f0635ae65e8;  0 drivers
v0x59913282b740_0 .net "cntr_mux_sel", 0 0, v0x599132826480_0;  1 drivers
v0x59913282b880_0 .net "count", 0 0, L_0x59913282cbb0;  1 drivers
v0x59913282b970_0 .net "div_sign_mux_sel", 0 0, v0x599132826600_0;  1 drivers
o0x7f0635ae7398 .functor BUFZ 32, C4<zzzzzzzzzzzzzzzzzzzzzzzzzzzzzzzz>; HiZ drive
v0x59913282ba60_0 .net "divreq_msg_a", 31 0, o0x7f0635ae7398;  0 drivers
o0x7f0635ae73c8 .functor BUFZ 32, C4<zzzzzzzzzzzzzzzzzzzzzzzzzzzzzzzz>; HiZ drive
v0x59913282bb00_0 .net "divreq_msg_b", 31 0, o0x7f0635ae73c8;  0 drivers
o0x7f0635ae66a8 .functor BUFZ 1, C4<z>; HiZ drive
v0x59913282bba0_0 .net "divreq_msg_fn", 0 0, o0x7f0635ae66a8;  0 drivers
v0x59913282bc40_0 .net "divreq_rdy", 0 0, L_0x59913283fa70;  1 drivers
o0x7f0635ae6708 .functor BUFZ 1, C4<z>; HiZ drive
v0x59913282bce0_0 .net "divreq_val", 0 0, o0x7f0635ae6708;  0 drivers
v0x59913282bd80_0 .net "divresp_msg_result", 63 0, L_0x59913283f850;  1 drivers
o0x7f0635ae6738 .functor BUFZ 1, C4<z>; HiZ drive
v0x59913282be20_0 .net "divresp_rdy", 0 0, o0x7f0635ae6738;  0 drivers
v0x59913282bec0_0 .net "divresp_val", 0 0, L_0x59913283fb60;  1 drivers
v0x59913282bf60_0 .net "reg_sign_mux_sel", 0 0, v0x599132826bd0_0;  1 drivers
o0x7f0635ae67f8 .functor BUFZ 1, C4<z>; HiZ drive
v0x59913282c050_0 .net "reset", 0 0, o0x7f0635ae67f8;  0 drivers
v0x59913282c140_0 .net "sign_en", 0 0, v0x599132826d50_0;  1 drivers
v0x59913282c230_0 .net "sub_mux_sel", 0 0, v0x599132826ef0_0;  1 drivers
S_0x599132825940 .scope module, "ctrl" "imuldiv_IntDivIterativeCtrl" 3 60, 3 190 0, S_0x599132802c60;
 .timescale 0 0;
    .port_info 0 /INPUT 1 "clk";
    .port_info 1 /INPUT 1 "reset";
    .port_info 2 /INPUT 1 "divreq_msg_fn";
    .port_info 3 /INPUT 1 "divreq_val";
    .port_info 4 /INPUT 1 "divresp_rdy";
    .port_info 5 /INPUT 1 "count";
    .port_info 6 /OUTPUT 1 "divreq_rdy";
    .port_info 7 /OUTPUT 1 "divresp_val";
    .port_info 8 /OUTPUT 1 "a_mux_sel";
    .port_info 9 /OUTPUT 1 "sub_mux_sel";
    .port_info 10 /OUTPUT 1 "a_en";
    .port_info 11 /OUTPUT 1 "b_en";
    .port_info 12 /OUTPUT 1 "cntr_mux_sel";
    .port_info 13 /OUTPUT 1 "sign_en";
    .port_info 14 /OUTPUT 1 "reg_sign_mux_sel";
    .port_info 15 /OUTPUT 1 "div_sign_mux_sel";
P_0x599132825b20 .param/l "state_compute" 1 3 217, C4<01>;
P_0x599132825b60 .param/l "state_finish" 1 3 218, C4<10>;
P_0x599132825ba0 .param/l "state_init" 1 3 216, C4<00>;
L_0x59913283f000 .functor BUFZ 1, o0x7f0635ae66a8, C4<0>, C4<0>, C4<0>;
L_0x7f0635a9d378 .functor BUFT 1, C4<00>, C4<0>, C4<0>, C4<0>;
v0x599132825f70_0 .net/2u *"_ivl_2", 1 0, L_0x7f0635a9d378;  1 drivers
L_0x7f0635a9d3c0 .functor BUFT 1, C4<10>, C4<0>, C4<0>, C4<0>;
v0x599132826070_0 .net/2u *"_ivl_6", 1 0, L_0x7f0635a9d3c0;  1 drivers
v0x599132826150_0 .var "a_en", 0 0;
v0x5991328261f0_0 .var "a_mux_sel", 0 0;
v0x5991328262b0_0 .var "b_en", 0 0;
v0x5991328263c0_0 .net "clk", 0 0, o0x7f0635ae65e8;  alias, 0 drivers
v0x599132826480_0 .var "cntr_mux_sel", 0 0;
v0x599132826540_0 .net "count", 0 0, L_0x59913282cbb0;  alias, 1 drivers
v0x599132826600_0 .var "div_sign_mux_sel", 0 0;
v0x599132826750_0 .net "divreq_msg_fn", 0 0, o0x7f0635ae66a8;  alias, 0 drivers
v0x599132826810_0 .net "divreq_rdy", 0 0, L_0x59913283fa70;  alias, 1 drivers
v0x5991328268d0_0 .net "divreq_val", 0 0, o0x7f0635ae6708;  alias, 0 drivers
v0x599132826990_0 .net "divresp_rdy", 0 0, o0x7f0635ae6738;  alias, 0 drivers
v0x599132826a50_0 .net "divresp_val", 0 0, L_0x59913283fb60;  alias, 1 drivers
v0x599132826b10_0 .net "is_signed", 0 0, L_0x59913283f000;  1 drivers
v0x599132826bd0_0 .var "reg_sign_mux_sel", 0 0;
v0x599132826c90_0 .net "reset", 0 0, o0x7f0635ae67f8;  alias, 0 drivers
v0x599132826d50_0 .var "sign_en", 0 0;
v0x599132826e10_0 .var "state", 1 0;
v0x599132826ef0_0 .var "sub_mux_sel", 0 0;
v0x599132826fb0_0 .var "temp", 1 0;
E_0x5991327d45d0 .event anyedge, v0x599132826e10_0, v0x5991328268d0_0, v0x599132826810_0, v0x599132826b10_0;
E_0x5991327bd410 .event posedge, v0x5991328263c0_0;
E_0x59913280aa30/0 .event anyedge, v0x599132826e10_0, v0x5991328268d0_0, v0x599132826810_0, v0x599132826540_0;
E_0x59913280aa30/1 .event anyedge, v0x599132826990_0;
E_0x59913280aa30 .event/or E_0x59913280aa30/0, E_0x59913280aa30/1;
L_0x59913283fa70 .cmp/eq 2, v0x599132826e10_0, L_0x7f0635a9d378;
L_0x59913283fb60 .cmp/eq 2, v0x599132826e10_0, L_0x7f0635a9d3c0;
S_0x599132827290 .scope module, "dpath" "imuldiv_IntDivIterativeDpath" 3 38, 3 89 0, S_0x599132802c60;
 .timescale 0 0;
    .port_info 0 /INPUT 1 "clk";
    .port_info 1 /INPUT 1 "reset";
    .port_info 2 /INPUT 1 "divreq_msg_fn";
    .port_info 3 /INPUT 32 "divreq_msg_a";
    .port_info 4 /INPUT 32 "divreq_msg_b";
    .port_info 5 /INPUT 1 "a_mux_sel";
    .port_info 6 /INPUT 1 "sub_mux_sel";
    .port_info 7 /INPUT 1 "a_en";
    .port_info 8 /INPUT 1 "b_en";
    .port_info 9 /INPUT 1 "cntr_mux_sel";
    .port_info 10 /INPUT 1 "sign_en";
    .port_info 11 /INPUT 1 "reg_sign_mux_sel";
    .port_info 12 /INPUT 1 "div_sign_mux_sel";
    .port_info 13 /OUTPUT 1 "count";
    .port_info 14 /OUTPUT 64 "divresp_msg_result";
L_0x59913282ccd0 .functor BUFZ 1, o0x7f0635ae66a8, C4<0>, C4<0>, C4<0>;
L_0x59913282cf50 .functor NOT 32, o0x7f0635ae7398, C4<00000000000000000000000000000000>, C4<00000000000000000000000000000000>, C4<00000000000000000000000000000000>;
L_0x59913283d0d0 .functor NOT 32, o0x7f0635ae73c8, C4<00000000000000000000000000000000>, C4<00000000000000000000000000000000>, C4<00000000000000000000000000000000>;
L_0x59913283dd20 .functor NOT 32, L_0x59913283eaf0, C4<00000000000000000000000000000000>, C4<00000000000000000000000000000000>, C4<00000000000000000000000000000000>;
L_0x59913283d3d0 .functor NOT 32, L_0x59913283ebe0, C4<00000000000000000000000000000000>, C4<00000000000000000000000000000000>, C4<00000000000000000000000000000000>;
L_0x7f0635a9d018 .functor BUFT 1, C4<00000>, C4<0>, C4<0>, C4<0>;
v0x5991328275b0_0 .net/2u *"_ivl_0", 4 0, L_0x7f0635a9d018;  1 drivers
v0x599132827690_0 .net *"_ivl_10", 31 0, L_0x59913282cf50;  1 drivers
L_0x7f0635a9d060 .functor BUFT 1, C4<00000000000000000000000000000001>, C4<0>, C4<0>, C4<0>;
v0x599132827770_0 .net/2u *"_ivl_12", 31 0, L_0x7f0635a9d060;  1 drivers
v0x599132827830_0 .net *"_ivl_14", 31 0, L_0x59913283d030;  1 drivers
v0x599132827910_0 .net *"_ivl_18", 31 0, L_0x59913283d0d0;  1 drivers
L_0x7f0635a9d0a8 .functor BUFT 1, C4<00000000000000000000000000000001>, C4<0>, C4<0>, C4<0>;
v0x599132827a40_0 .net/2u *"_ivl_20", 31 0, L_0x7f0635a9d0a8;  1 drivers
v0x599132827b20_0 .net *"_ivl_22", 31 0, L_0x59913283d330;  1 drivers
L_0x7f0635a9d0f0 .functor BUFT 1, C4<000000000000000000000000000000000>, C4<0>, C4<0>, C4<0>;
v0x599132827c00_0 .net/2u *"_ivl_30", 32 0, L_0x7f0635a9d0f0;  1 drivers
L_0x7f0635a9d138 .functor BUFT 1, C4<0>, C4<0>, C4<0>, C4<0>;
v0x599132827ce0_0 .net/2u *"_ivl_34", 0 0, L_0x7f0635a9d138;  1 drivers
L_0x7f0635a9d180 .functor BUFT 1, C4<00000000000000000000000000000000>, C4<0>, C4<0>, C4<0>;
v0x599132827dc0_0 .net/2u *"_ivl_36", 31 0, L_0x7f0635a9d180;  1 drivers
v0x599132827ea0_0 .net *"_ivl_42", 63 0, L_0x59913283dc80;  1 drivers
L_0x7f0635a9d1c8 .functor BUFT 1, C4<0>, C4<0>, C4<0>, C4<0>;
v0x599132827f80_0 .net *"_ivl_44", 0 0, L_0x7f0635a9d1c8;  1 drivers
L_0x7f0635a9d210 .functor BUFT 1, C4<0>, C4<0>, C4<0>, C4<0>;
v0x599132828060_0 .net/2u *"_ivl_46", 0 0, L_0x7f0635a9d210;  1 drivers
v0x599132828140_0 .net *"_ivl_48", 65 0, L_0x59913283ded0;  1 drivers
L_0x7f0635a9d258 .functor BUFT 1, C4<0>, C4<0>, C4<0>, C4<0>;
v0x599132828220_0 .net/2u *"_ivl_50", 0 0, L_0x7f0635a9d258;  1 drivers
v0x599132828300_0 .net *"_ivl_52", 65 0, L_0x59913283e120;  1 drivers
v0x5991328283e0_0 .net *"_ivl_57", 63 0, L_0x59913283e390;  1 drivers
L_0x7f0635a9d2a0 .functor BUFT 1, C4<1>, C4<0>, C4<0>, C4<0>;
v0x5991328285d0_0 .net/2u *"_ivl_58", 0 0, L_0x7f0635a9d2a0;  1 drivers
v0x5991328286b0_0 .net *"_ivl_63", 0 0, L_0x59913283e660;  1 drivers
v0x599132828790_0 .net *"_ivl_66", 64 0, L_0x59913283e5c0;  1 drivers
v0x599132828870_0 .net *"_ivl_74", 31 0, L_0x59913283dd20;  1 drivers
L_0x7f0635a9d2e8 .functor BUFT 1, C4<00000000000000000000000000000001>, C4<0>, C4<0>, C4<0>;
v0x599132828950_0 .net/2u *"_ivl_76", 31 0, L_0x7f0635a9d2e8;  1 drivers
v0x599132828a30_0 .net *"_ivl_80", 31 0, L_0x59913283d3d0;  1 drivers
L_0x7f0635a9d330 .functor BUFT 1, C4<00000000000000000000000000000001>, C4<0>, C4<0>, C4<0>;
v0x599132828b10_0 .net/2u *"_ivl_82", 31 0, L_0x7f0635a9d330;  1 drivers
v0x599132828bf0_0 .net *"_ivl_86", 31 0, L_0x59913283f1f0;  1 drivers
v0x599132828cd0_0 .net *"_ivl_90", 31 0, L_0x59913283f500;  1 drivers
v0x599132828db0_0 .net "a_en", 0 0, v0x599132826150_0;  alias, 1 drivers
v0x599132828e50_0 .net "a_init", 31 0, L_0x59913283d6d0;  1 drivers
v0x599132828f10_0 .net "a_mux_sel", 0 0, v0x5991328261f0_0;  alias, 1 drivers
v0x599132828fe0_0 .net "a_next", 64 0, L_0x59913283e8f0;  1 drivers
v0x5991328290a0_0 .var "a_reg", 64 0;
v0x599132829180_0 .net "a_res", 64 0, L_0x59913283e700;  1 drivers
v0x599132829260_0 .net "a_shift_out", 64 0, L_0x59913283dd90;  1 drivers
v0x599132829340_0 .net "a_sign", 0 0, L_0x59913282cd40;  1 drivers
v0x599132829400_0 .net "a_unsigned", 31 0, L_0x59913283d240;  1 drivers
v0x5991328294e0_0 .net "a_value", 64 0, L_0x59913283d950;  1 drivers
v0x5991328295c0_0 .net "b_en", 0 0, v0x5991328262b0_0;  alias, 1 drivers
v0x599132829690_0 .net "b_init", 31 0, L_0x59913283d860;  1 drivers
v0x599132829750_0 .var "b_reg", 64 0;
v0x599132829830_0 .net "b_sign", 0 0, L_0x59913282ce60;  1 drivers
v0x5991328298f0_0 .net "b_unsigned", 31 0, L_0x59913283d550;  1 drivers
v0x5991328299d0_0 .net "b_value", 64 0, L_0x59913283daf0;  1 drivers
v0x599132829ab0_0 .net "clk", 0 0, o0x7f0635ae65e8;  alias, 0 drivers
v0x599132829b80_0 .net "cntr_mux_sel", 0 0, v0x599132826480_0;  alias, 1 drivers
v0x599132829c50_0 .net "count", 0 0, L_0x59913282cbb0;  alias, 1 drivers
v0x599132829d20_0 .var "counter_reg", 4 0;
v0x599132829dc0_0 .net "div_sign_mux_sel", 0 0, v0x599132826600_0;  alias, 1 drivers
v0x599132829e90_0 .var "div_sign_reg", 0 0;
v0x599132829f30_0 .net "divreq_msg_a", 31 0, o0x7f0635ae7398;  alias, 0 drivers
v0x599132829ff0_0 .net "divreq_msg_b", 31 0, o0x7f0635ae73c8;  alias, 0 drivers
v0x59913282a0d0_0 .net "divreq_msg_fn", 0 0, o0x7f0635ae66a8;  alias, 0 drivers
v0x59913282a1a0_0 .net "divresp_msg_result", 63 0, L_0x59913283f850;  alias, 1 drivers
v0x59913282a260_0 .net "is_signed", 0 0, L_0x59913282ccd0;  1 drivers
v0x59913282a320_0 .net "quotinent_com", 31 0, L_0x59913283edd0;  1 drivers
v0x59913282a400_0 .net "quotinent_result", 31 0, L_0x59913283f2e0;  1 drivers
v0x59913282a4e0_0 .net "quotinent_unsigned", 31 0, L_0x59913283eaf0;  1 drivers
v0x59913282a5c0_0 .net "reg_sign_mux_sel", 0 0, v0x599132826bd0_0;  alias, 1 drivers
v0x59913282a690_0 .var "rem_sign_reg", 0 0;
v0x59913282a730_0 .net "remainder_com", 31 0, L_0x59913283ef60;  1 drivers
v0x59913282a810_0 .net "remainder_result", 31 0, L_0x59913283f620;  1 drivers
v0x59913282a8f0_0 .net "remainder_unsigned", 31 0, L_0x59913283ebe0;  1 drivers
v0x59913282a9d0_0 .net "reset", 0 0, o0x7f0635ae67f8;  alias, 0 drivers
v0x59913282aaa0_0 .net "sign_en", 0 0, v0x599132826d50_0;  alias, 1 drivers
v0x59913282ab70_0 .net "sub_mux_out", 64 0, L_0x59913283e480;  1 drivers
v0x59913282ac10_0 .net "sub_mux_sel", 0 0, v0x599132826ef0_0;  alias, 1 drivers
v0x59913282b0f0_0 .net "sub_out", 65 0, L_0x59913283e1c0;  1 drivers
L_0x59913282cbb0 .cmp/eq 5, v0x599132829d20_0, L_0x7f0635a9d018;
L_0x59913282cd40 .part o0x7f0635ae7398, 31, 1;
L_0x59913282ce60 .part o0x7f0635ae73c8, 31, 1;
L_0x59913283d030 .arith/sum 32, L_0x59913282cf50, L_0x7f0635a9d060;
L_0x59913283d240 .functor MUXZ 32, o0x7f0635ae7398, L_0x59913283d030, L_0x59913282cd40, C4<>;
L_0x59913283d330 .arith/sum 32, L_0x59913283d0d0, L_0x7f0635a9d0a8;
L_0x59913283d550 .functor MUXZ 32, o0x7f0635ae73c8, L_0x59913283d330, L_0x59913282ce60, C4<>;
L_0x59913283d6d0 .functor MUXZ 32, o0x7f0635ae7398, L_0x59913283d240, L_0x59913282ccd0, C4<>;
L_0x59913283d860 .functor MUXZ 32, o0x7f0635ae73c8, L_0x59913283d550, L_0x59913282ccd0, C4<>;
L_0x59913283d950 .concat [ 32 33 0 0], L_0x59913283d6d0, L_0x7f0635a9d0f0;
L_0x59913283daf0 .concat [ 32 32 1 0], L_0x7f0635a9d180, L_0x59913283d860, L_0x7f0635a9d138;
L_0x59913283dc80 .part v0x5991328290a0_0, 0, 64;
L_0x59913283dd90 .concat [ 1 64 0 0], L_0x7f0635a9d1c8, L_0x59913283dc80;
L_0x59913283ded0 .concat [ 65 1 0 0], L_0x59913283dd90, L_0x7f0635a9d210;
L_0x59913283e120 .concat [ 65 1 0 0], v0x599132829750_0, L_0x7f0635a9d258;
L_0x59913283e1c0 .arith/sub 66, L_0x59913283ded0, L_0x59913283e120;
L_0x59913283e390 .part L_0x59913283e1c0, 1, 64;
L_0x59913283e480 .concat [ 1 64 0 0], L_0x7f0635a9d2a0, L_0x59913283e390;
L_0x59913283e660 .part L_0x59913283e1c0, 65, 1;
L_0x59913283e700 .functor MUXZ 65, L_0x59913283e480, L_0x59913283dd90, L_0x59913283e660, C4<>;
L_0x59913283e5c0 .functor MUXZ 65, L_0x59913283dd90, L_0x59913283e700, v0x599132826ef0_0, C4<>;
L_0x59913283e8f0 .functor MUXZ 65, L_0x59913283d950, L_0x59913283e5c0, v0x5991328261f0_0, C4<>;
L_0x59913283eaf0 .part v0x5991328290a0_0, 0, 32;
L_0x59913283ebe0 .part v0x5991328290a0_0, 32, 32;
L_0x59913283edd0 .arith/sum 32, L_0x59913283dd20, L_0x7f0635a9d2e8;
L_0x59913283ef60 .arith/sum 32, L_0x59913283d3d0, L_0x7f0635a9d330;
L_0x59913283f1f0 .functor MUXZ 32, L_0x59913283eaf0, L_0x59913283edd0, v0x599132829e90_0, C4<>;
L_0x59913283f2e0 .functor MUXZ 32, L_0x59913283eaf0, L_0x59913283f1f0, v0x599132826600_0, C4<>;
L_0x59913283f500 .functor MUXZ 32, L_0x59913283ebe0, L_0x59913283ef60, v0x59913282a690_0, C4<>;
L_0x59913283f620 .functor MUXZ 32, L_0x59913283ebe0, L_0x59913283f500, v0x599132826bd0_0, C4<>;
L_0x59913283f850 .concat [ 32 32 0 0], L_0x59913283f2e0, L_0x59913283f620;
    .scope S_0x5991328038e0;
T_0 ;
    %wait E_0x5991327d4060;
    %load/vec4 v0x5991328256f0_0;
    %pushi/vec4 4294967295, 4294967295, 32;
    %concati/vec4 4294967295, 4294967295, 32;
    %concati/vec4 1, 1, 1;
    %cmp/e;
    %jmp/0xz  T_0.0, 6;
    %vpi_call 2 115 "$sformat", v0x599132825550_0, "x            " {0 0 0};
    %jmp T_0.1;
T_0.0 ;
    %load/vec4 v0x599132825610_0;
    %dup/vec4;
    %pushi/vec4 1, 0, 1;
    %cmp/u;
    %jmp/1 T_0.2, 6;
    %dup/vec4;
    %pushi/vec4 0, 0, 1;
    %cmp/u;
    %jmp/1 T_0.3, 6;
    %vpi_call 2 120 "$sformat", v0x599132825550_0, "undefined func" {0 0 0};
    %jmp T_0.5;
T_0.2 ;
    %vpi_call 2 118 "$sformat", v0x599132825550_0, "div   %d, %d", v0x599132825370_0, v0x599132825470_0 {0 0 0};
    %jmp T_0.5;
T_0.3 ;
    %vpi_call 2 119 "$sformat", v0x599132825550_0, "divu  %d, %d", v0x599132825370_0, v0x599132825470_0 {0 0 0};
    %jmp T_0.5;
T_0.5 ;
    %pop/vec4 1;
T_0.1 ;
    %jmp T_0;
    .thread T_0, $push;
    .scope S_0x5991328038e0;
T_1 ;
    %wait E_0x5991327d5060;
    %load/vec4 v0x5991328256f0_0;
    %pushi/vec4 4294967295, 4294967295, 32;
    %concati/vec4 4294967295, 4294967295, 32;
    %concati/vec4 1, 1, 1;
    %cmp/e;
    %jmp/0xz  T_1.0, 6;
    %vpi_call 2 132 "$sformat", v0x599132825820_0, "x " {0 0 0};
    %jmp T_1.1;
T_1.0 ;
    %load/vec4 v0x599132825610_0;
    %dup/vec4;
    %pushi/vec4 1, 0, 1;
    %cmp/u;
    %jmp/1 T_1.2, 6;
    %dup/vec4;
    %pushi/vec4 0, 0, 1;
    %cmp/u;
    %jmp/1 T_1.3, 6;
    %vpi_call 2 137 "$sformat", v0x599132825820_0, "??" {0 0 0};
    %jmp T_1.5;
T_1.2 ;
    %vpi_call 2 135 "$sformat", v0x599132825820_0, "/ " {0 0 0};
    %jmp T_1.5;
T_1.3 ;
    %vpi_call 2 136 "$sformat", v0x599132825820_0, "/u" {0 0 0};
    %jmp T_1.5;
T_1.5 ;
    %pop/vec4 1;
T_1.1 ;
    %jmp T_1;
    .thread T_1, $push;
    .scope S_0x599132827290;
T_2 ;
    %wait E_0x5991327bd410;
    %load/vec4 v0x59913282a9d0_0;
    %flag_set/vec4 8;
    %jmp/0xz  T_2.0, 8;
    %pushi/vec4 0, 0, 65;
    %assign/vec4 v0x5991328290a0_0, 0;
    %pushi/vec4 0, 0, 65;
    %assign/vec4 v0x599132829750_0, 0;
    %pushi/vec4 0, 0, 5;
    %assign/vec4 v0x599132829d20_0, 0;
    %pushi/vec4 0, 0, 1;
    %assign/vec4 v0x599132829e90_0, 0;
    %pushi/vec4 0, 0, 1;
    %assign/vec4 v0x59913282a690_0, 0;
    %jmp T_2.1;
T_2.0 ;
    %load/vec4 v0x599132828db0_0;
    %flag_set/vec4 8;
    %jmp/0xz  T_2.2, 8;
    %load/vec4 v0x599132828fe0_0;
    %assign/vec4 v0x5991328290a0_0, 0;
T_2.2 ;
    %load/vec4 v0x5991328295c0_0;
    %flag_set/vec4 8;
    %jmp/0xz  T_2.4, 8;
    %load/vec4 v0x5991328299d0_0;
    %assign/vec4 v0x599132829750_0, 0;
T_2.4 ;
    %load/vec4 v0x599132829b80_0;
    %flag_set/vec4 8;
    %jmp/0 T_2.6, 8;
    %load/vec4 v0x599132829d20_0;
    %subi 1, 0, 5;
    %jmp/1 T_2.7, 8;
T_2.6 ; End of true expr.
    %pushi/vec4 31, 0, 5;
    %jmp/0 T_2.7, 8;
 ; End of false expr.
    %blend;
T_2.7;
    %assign/vec4 v0x599132829d20_0, 0;
    %load/vec4 v0x59913282aaa0_0;
    %flag_set/vec4 8;
    %jmp/0xz  T_2.8, 8;
    %load/vec4 v0x599132829340_0;
    %load/vec4 v0x599132829830_0;
    %xor;
    %assign/vec4 v0x599132829e90_0, 0;
    %load/vec4 v0x599132829340_0;
    %assign/vec4 v0x59913282a690_0, 0;
T_2.8 ;
T_2.1 ;
    %jmp T_2;
    .thread T_2;
    .scope S_0x599132825940;
T_3 ;
    %wait E_0x59913280aa30;
    %load/vec4 v0x599132826e10_0;
    %dup/vec4;
    %pushi/vec4 0, 0, 2;
    %cmp/u;
    %jmp/1 T_3.0, 6;
    %dup/vec4;
    %pushi/vec4 1, 0, 2;
    %cmp/u;
    %jmp/1 T_3.1, 6;
    %dup/vec4;
    %pushi/vec4 2, 0, 2;
    %cmp/u;
    %jmp/1 T_3.2, 6;
    %pushi/vec4 0, 0, 2;
    %store/vec4 v0x599132826fb0_0, 0, 2;
    %jmp T_3.4;
T_3.0 ;
    %load/vec4 v0x5991328268d0_0;
    %load/vec4 v0x599132826810_0;
    %and;
    %flag_set/vec4 8;
    %jmp/0 T_3.5, 8;
    %pushi/vec4 1, 0, 2;
    %jmp/1 T_3.6, 8;
T_3.5 ; End of true expr.
    %pushi/vec4 0, 0, 2;
    %jmp/0 T_3.6, 8;
 ; End of false expr.
    %blend;
T_3.6;
    %store/vec4 v0x599132826fb0_0, 0, 2;
    %jmp T_3.4;
T_3.1 ;
    %load/vec4 v0x599132826540_0;
    %flag_set/vec4 8;
    %jmp/0 T_3.7, 8;
    %pushi/vec4 2, 0, 2;
    %jmp/1 T_3.8, 8;
T_3.7 ; End of true expr.
    %pushi/vec4 1, 0, 2;
    %jmp/0 T_3.8, 8;
 ; End of false expr.
    %blend;
T_3.8;
    %store/vec4 v0x599132826fb0_0, 0, 2;
    %jmp T_3.4;
T_3.2 ;
    %load/vec4 v0x599132826990_0;
    %flag_set/vec4 8;
    %jmp/0 T_3.9, 8;
    %pushi/vec4 0, 0, 2;
    %jmp/1 T_3.10, 8;
T_3.9 ; End of true expr.
    %pushi/vec4 2, 0, 2;
    %jmp/0 T_3.10, 8;
 ; End of false expr.
    %blend;
T_3.10;
    %store/vec4 v0x599132826fb0_0, 0, 2;
    %jmp T_3.4;
T_3.4 ;
    %pop/vec4 1;
    %jmp T_3;
    .thread T_3, $push;
    .scope S_0x599132825940;
T_4 ;
    %wait E_0x5991327bd410;
    %load/vec4 v0x599132826c90_0;
    %flag_set/vec4 8;
    %jmp/0xz  T_4.0, 8;
    %pushi/vec4 0, 0, 2;
    %assign/vec4 v0x599132826e10_0, 0;
    %jmp T_4.1;
T_4.0 ;
    %load/vec4 v0x599132826fb0_0;
    %assign/vec4 v0x599132826e10_0, 0;
T_4.1 ;
    %jmp T_4;
    .thread T_4;
    .scope S_0x599132825940;
T_5 ;
    %wait E_0x5991327d45d0;
    %pushi/vec4 0, 0, 1;
    %store/vec4 v0x5991328261f0_0, 0, 1;
    %pushi/vec4 0, 0, 1;
    %store/vec4 v0x599132826ef0_0, 0, 1;
    %pushi/vec4 0, 0, 1;
    %store/vec4 v0x599132826150_0, 0, 1;
    %pushi/vec4 0, 0, 1;
    %store/vec4 v0x5991328262b0_0, 0, 1;
    %pushi/vec4 0, 0, 1;
    %store/vec4 v0x599132826480_0, 0, 1;
    %pushi/vec4 0, 0, 1;
    %store/vec4 v0x599132826d50_0, 0, 1;
    %pushi/vec4 0, 0, 1;
    %store/vec4 v0x599132826600_0, 0, 1;
    %pushi/vec4 0, 0, 1;
    %store/vec4 v0x599132826bd0_0, 0, 1;
    %load/vec4 v0x599132826e10_0;
    %dup/vec4;
    %pushi/vec4 0, 0, 2;
    %cmp/u;
    %jmp/1 T_5.0, 6;
    %dup/vec4;
    %pushi/vec4 1, 0, 2;
    %cmp/u;
    %jmp/1 T_5.1, 6;
    %dup/vec4;
    %pushi/vec4 2, 0, 2;
    %cmp/u;
    %jmp/1 T_5.2, 6;
    %jmp T_5.3;
T_5.0 ;
    %load/vec4 v0x5991328268d0_0;
    %load/vec4 v0x599132826810_0;
    %and;
    %flag_set/vec4 8;
    %jmp/0xz  T_5.4, 8;
    %pushi/vec4 0, 0, 1;
    %store/vec4 v0x5991328261f0_0, 0, 1;
    %pushi/vec4 1, 0, 1;
    %store/vec4 v0x599132826150_0, 0, 1;
    %pushi/vec4 1, 0, 1;
    %store/vec4 v0x5991328262b0_0, 0, 1;
    %pushi/vec4 0, 0, 1;
    %store/vec4 v0x599132826480_0, 0, 1;
    %pushi/vec4 1, 0, 1;
    %store/vec4 v0x599132826d50_0, 0, 1;
T_5.4 ;
    %jmp T_5.3;
T_5.1 ;
    %pushi/vec4 1, 0, 1;
    %store/vec4 v0x5991328261f0_0, 0, 1;
    %pushi/vec4 1, 0, 1;
    %store/vec4 v0x599132826ef0_0, 0, 1;
    %pushi/vec4 1, 0, 1;
    %store/vec4 v0x599132826150_0, 0, 1;
    %pushi/vec4 1, 0, 1;
    %store/vec4 v0x599132826480_0, 0, 1;
    %jmp T_5.3;
T_5.2 ;
    %load/vec4 v0x599132826b10_0;
    %flag_set/vec4 8;
    %jmp/0xz  T_5.6, 8;
    %pushi/vec4 1, 0, 1;
    %store/vec4 v0x599132826600_0, 0, 1;
    %pushi/vec4 1, 0, 1;
    %store/vec4 v0x599132826bd0_0, 0, 1;
T_5.6 ;
    %jmp T_5.3;
T_5.3 ;
    %pop/vec4 1;
    %jmp T_5;
    .thread T_5, $push;
# The file index is used to find the file name in the following table.
:file_names 4;
    "N/A";
    "<interactive>";
    "../imuldiv/imuldiv-DivReqMsg.v";
    "../imuldiv/imuldiv-IntDivIterative.v";
