
 Entering Test Suite: imuldiv-ThreeMulReqMsg
  + Running Test Case: TestBasicFullStr
     [ passed ] Test (      0,          1,         10 ) succeeded, [ 000000000000000010000000a == 000000000000000010000000a ]
     [ passed ] Test (     42,          1,         11 ) succeeded, [ 00000002a000000010000000b == 00000002a000000010000000b ]
     [ passed ] Test (     18,         68,         12 ) succeeded, [ 000000012000000440000000c == 000000012000000440000000c ]
     [ passed ] Test (      0,          1,         20 ) succeeded, [ 1000000000000000100000014 == 1000000000000000100000014 ]
     [ passed ] Test (     42,          1,         21 ) succeeded, [ 10000002a0000000100000015 == 10000002a0000000100000015 ]
     [ passed ] Test (     18,         68,         22 ) succeeded, [ 1000000120000004400000016 == 1000000120000004400000016 ]
     [ passed ] Test (      0,          1,         30 ) succeeded, [ 200000000000000010000001e == 200000000000000010000001e ]
     [ passed ] Test (     42,          1,         31 ) succeeded, [ 20000002a000000010000001f == 20000002a000000010000001f ]
     [ passed ] Test (     18,         68,         32 ) succeeded, [ 2000000120000004400000020 == 2000000120000004400000020 ]
     [ passed ] Test (      0,          1,         40 ) succeeded, [ 3000000000000000100000028 == 3000000000000000100000028 ]
     [ passed ] Test (     42,          1,         41 ) succeeded, [ 30000002a0000000100000029 == 30000002a0000000100000029 ]
     [ passed ] Test (     18,         68,         42 ) succeeded, [ 300000012000000440000002a == 300000012000000440000002a ]
     [ passed ] Test (      0,          1,         50 ) succeeded, [ 4000000000000000100000032 == 4000000000000000100000032 ]
     [ passed ] Test (     42,          1,         51 ) succeeded, [ 40000002a0000000100000033 == 40000002a0000000100000033 ]
     [ passed ] Test (     18,         68,         52 ) succeeded, [ 4000000120000004400000034 == 4000000120000004400000034 ]
  + Running Test Case: TestBasicTinyStr
     [ passed ] Test ( *  ) succeeded, [ 000000000000000010000000d == 000000000000000010000000d ]
     [ passed ] Test ( *  ) succeeded, [ 00000002a000000010000000e == 00000002a000000010000000e ]
     [ passed ] Test ( *  ) succeeded, [ 000000012000000440000000f == 000000012000000440000000f ]
     [ passed ] Test ( /  ) succeeded, [ 1000000000000000100000017 == 1000000000000000100000017 ]
     [ passed ] Test ( /  ) succeeded, [ 10000002a0000000100000018 == 10000002a0000000100000018 ]
     [ passed ] Test ( /  ) succeeded, [ 1000000120000004400000019 == 1000000120000004400000019 ]
     [ passed ] Test ( /u ) succeeded, [ 2000000000000000100000021 == 2000000000000000100000021 ]
     [ passed ] Test ( /u ) succeeded, [ 20000002a0000000100000022 == 20000002a0000000100000022 ]
     [ passed ] Test ( /u ) succeeded, [ 2000000120000004400000023 == 2000000120000004400000023 ]
     [ passed ] Test ( %  ) succeeded, [ 300000000000000010000002b == 300000000000000010000002b ]
     [ passed ] Test ( %  ) succeeded, [ 30000002a000000010000002c == 30000002a000000010000002c ]
     [ passed ] Test ( %  ) succeeded, [ 300000012000000440000002d == 300000012000000440000002d ]
     [ passed ] Test ( %u ) succeeded, [ 4000000000000000100000035 == 4000000000000000100000035 ]
     [ passed ] Test ( %u ) succeeded, [ 40000002a0000000100000036 == 40000002a0000000100000036 ]
     [ passed ] Test ( %u ) succeeded, [ 4000000120000004400000037 == 4000000120000004400000037 ]

../imuldiv/imuldiv-ThreeMulReqMsg.t.v:175: $finish called at 425 (1s)
